MPLINK 4.49, Linker
Linker Map File - Created Mon Sep 23 23:21:59 2024

                                 Section Info
                  Section       Type    Address   Location Size(Bytes)
                ---------  ---------  ---------  ---------  ---------
                   .org_0       code   0x000000    program   0x000000
                   .org_1       code   0x000000    program   0x00008c
.config_2007_MULTIPLEXACION DE DOS DISPLAY.O       code   0x002007    program   0x000002



                              Program Memory Usage 
                               Start         End      
                           ---------   ---------      
                            0x000000    0x000045      
                            0x002007    0x002007      
            71 out of 8454 program addresses used, program memory utilization is 0%



                              Symbols - Sorted by Name
                     Name    Address   Location    Storage File                     
                ---------  ---------  ---------  --------- ---------                
               CONFIGURAR   0x000001    program     static C:\Users\USUARIO\Desktop\CLASE 6\MULTIPLEXACION DE DOS DISPLAY.asm
                  INTERNO   0x000029    program     static C:\Users\USUARIO\Desktop\CLASE 6\MULTIPLEXACION DE DOS DISPLAY.asm
                     MAIN   0x00000e    program     static C:\Users\USUARIO\Desktop\CLASE 6\MULTIPLEXACION DE DOS DISPLAY.asm
              REPETICION1   0x000041    program     static C:\Users\USUARIO\Desktop\CLASE 6\MULTIPLEXACION DE DOS DISPLAY.asm
              REPETICION2   0x00003f    program     static C:\Users\USUARIO\Desktop\CLASE 6\MULTIPLEXACION DE DOS DISPLAY.asm
                  RETARDO   0x00003d    program     static C:\Users\USUARIO\Desktop\CLASE 6\MULTIPLEXACION DE DOS DISPLAY.asm
                    TABLA   0x00001e    program     static C:\Users\USUARIO\Desktop\CLASE 6\MULTIPLEXACION DE DOS DISPLAY.asm
               VISUALIZAR   0x000011    program     static C:\Users\USUARIO\Desktop\CLASE 6\MULTIPLEXACION DE DOS DISPLAY.asm



                              Symbols - Sorted by Address
                     Name    Address   Location    Storage File                     
                ---------  ---------  ---------  --------- ---------                
               CONFIGURAR   0x000001    program     static C:\Users\USUARIO\Desktop\CLASE 6\MULTIPLEXACION DE DOS DISPLAY.asm
                     MAIN   0x00000e    program     static C:\Users\USUARIO\Desktop\CLASE 6\MULTIPLEXACION DE DOS DISPLAY.asm
               VISUALIZAR   0x000011    program     static C:\Users\USUARIO\Desktop\CLASE 6\MULTIPLEXACION DE DOS DISPLAY.asm
                    TABLA   0x00001e    program     static C:\Users\USUARIO\Desktop\CLASE 6\MULTIPLEXACION DE DOS DISPLAY.asm
                  INTERNO   0x000029    program     static C:\Users\USUARIO\Desktop\CLASE 6\MULTIPLEXACION DE DOS DISPLAY.asm
                  RETARDO   0x00003d    program     static C:\Users\USUARIO\Desktop\CLASE 6\MULTIPLEXACION DE DOS DISPLAY.asm
              REPETICION2   0x00003f    program     static C:\Users\USUARIO\Desktop\CLASE 6\MULTIPLEXACION DE DOS DISPLAY.asm
              REPETICION1   0x000041    program     static C:\Users\USUARIO\Desktop\CLASE 6\MULTIPLEXACION DE DOS DISPLAY.asm


