MPLINK 4.49, Linker
Linker Map File - Created Tue Apr 01 23:05:12 2025

                                 Section Info
                  Section       Type    Address   Location Size(Bytes)
                ---------  ---------  ---------  ---------  ---------
                   .org_0       code   0x000000    program   0x000000
                   .org_1       code   0x000000    program   0x000086
.config_2007_MULTIPLEXACION DE DOS DISPLAY.O       code   0x002007    program   0x000002



                              Program Memory Usage 
                               Start         End      
                           ---------   ---------      
                            0x000000    0x000042      
                            0x002007    0x002007      
            68 out of 8454 program addresses used, program memory utilization is 0%



                              Symbols - Sorted by Name
                     Name    Address   Location    Storage File                     
                ---------  ---------  ---------  --------- ---------                
               CONFIGURAR   0x000001    program     static E:\AUXILIAR\SEM 2-2024 AUX MICRO\AVANCE\CLASE 6\MULTIPLEXACION DE DOS DISPLAY.asm
                  INTERNO   0x000026    program     static E:\AUXILIAR\SEM 2-2024 AUX MICRO\AVANCE\CLASE 6\MULTIPLEXACION DE DOS DISPLAY.asm
                     MAIN   0x00000b    program     static E:\AUXILIAR\SEM 2-2024 AUX MICRO\AVANCE\CLASE 6\MULTIPLEXACION DE DOS DISPLAY.asm
              REPETICION1   0x00003e    program     static E:\AUXILIAR\SEM 2-2024 AUX MICRO\AVANCE\CLASE 6\MULTIPLEXACION DE DOS DISPLAY.asm
              REPETICION2   0x00003c    program     static E:\AUXILIAR\SEM 2-2024 AUX MICRO\AVANCE\CLASE 6\MULTIPLEXACION DE DOS DISPLAY.asm
                  RETARDO   0x00003a    program     static E:\AUXILIAR\SEM 2-2024 AUX MICRO\AVANCE\CLASE 6\MULTIPLEXACION DE DOS DISPLAY.asm
                    TABLA   0x00001b    program     static E:\AUXILIAR\SEM 2-2024 AUX MICRO\AVANCE\CLASE 6\MULTIPLEXACION DE DOS DISPLAY.asm
               VISUALIZAR   0x00000e    program     static E:\AUXILIAR\SEM 2-2024 AUX MICRO\AVANCE\CLASE 6\MULTIPLEXACION DE DOS DISPLAY.asm



                              Symbols - Sorted by Address
                     Name    Address   Location    Storage File                     
                ---------  ---------  ---------  --------- ---------                
               CONFIGURAR   0x000001    program     static E:\AUXILIAR\SEM 2-2024 AUX MICRO\AVANCE\CLASE 6\MULTIPLEXACION DE DOS DISPLAY.asm
                     MAIN   0x00000b    program     static E:\AUXILIAR\SEM 2-2024 AUX MICRO\AVANCE\CLASE 6\MULTIPLEXACION DE DOS DISPLAY.asm
               VISUALIZAR   0x00000e    program     static E:\AUXILIAR\SEM 2-2024 AUX MICRO\AVANCE\CLASE 6\MULTIPLEXACION DE DOS DISPLAY.asm
                    TABLA   0x00001b    program     static E:\AUXILIAR\SEM 2-2024 AUX MICRO\AVANCE\CLASE 6\MULTIPLEXACION DE DOS DISPLAY.asm
                  INTERNO   0x000026    program     static E:\AUXILIAR\SEM 2-2024 AUX MICRO\AVANCE\CLASE 6\MULTIPLEXACION DE DOS DISPLAY.asm
                  RETARDO   0x00003a    program     static E:\AUXILIAR\SEM 2-2024 AUX MICRO\AVANCE\CLASE 6\MULTIPLEXACION DE DOS DISPLAY.asm
              REPETICION2   0x00003c    program     static E:\AUXILIAR\SEM 2-2024 AUX MICRO\AVANCE\CLASE 6\MULTIPLEXACION DE DOS DISPLAY.asm
              REPETICION1   0x00003e    program     static E:\AUXILIAR\SEM 2-2024 AUX MICRO\AVANCE\CLASE 6\MULTIPLEXACION DE DOS DISPLAY.asm


